warning: unused variable: `ctx`
   --> crates/zjj/tests/steps/session_steps.rs:314:9
    |
314 |         ctx: &SessionTestContext,
    |         ^^^ help: if this is intentional, prefix it with an underscore: `_ctx`
    |
    = note: `#[warn(unused_variables)]` (part of `#[warn(unused)]`) on by default

warning: variable does not need to be mutable
    --> crates/zjj/tests/steps/session_steps.rs:1316:18
     |
1316 |         let Some(mut ctx) = SessionTestContext::try_new() else {
     |                  ----^^^
     |                  |
     |                  help: remove this `mut`
     |
     = note: `#[warn(unused_mut)]` (part of `#[warn(unused)]`) on by default

warning: variable does not need to be mutable
  --> crates/zjj/tests/session_feature.rs:50:18
   |
50 |         let Some(mut ctx) = SessionTestContext::try_new() else {
   |                  ----^^^
   |                  |
   |                  help: remove this `mut`

warning: unused import: `PureEntry`
  --> crates/zjj-core/tests/queue_properties.rs:39:18
   |
39 |     pure_queue::{PureEntry, PureQueue, PureQueueError},
   |                  ^^^^^^^^^
   |
   = note: `#[warn(unused_imports)]` (part of `#[warn(unused)]`) on by default

warning: unused doc comment
   --> crates/zjj-core/tests/cli_properties.rs:191:1
    |
191 | / /// Property: All object names are lowercase ASCII without special characters
192 | | ///
193 | | /// INVARIANT: Object names must be valid CLI tokens (lowercase, no spaces/special chars)
    | |_----------------------------------------------------------------------------------------^
    |   |
    |   rustdoc does not generate documentation for macro invocations
    |
    = help: to document an item produced by a macro, the macro must produce the documentation as part of its expansion
    = note: `#[warn(unused_doc_comments)]` (part of `#[warn(unused)]`) on by default

warning: unused doc comment
   --> crates/zjj-core/tests/cli_properties.rs:216:1
    |
216 | / /// Property: Object-action pairs follow noun-verb pattern
217 | | ///
218 | | /// INVARIANT: Every valid command is <object> <action>
    | |_------------------------------------------------------^
    |   |
    |   rustdoc does not generate documentation for macro invocations
    |
    = help: to document an item produced by a macro, the macro must produce the documentation as part of its expansion

warning: unused doc comment
   --> crates/zjj-core/tests/cli_properties.rs:321:1
    |
321 | / /// Property: SessionOutput serializes to valid JSON
322 | | ///
323 | | /// INVARIANT: All CLI output types must serialize to valid JSON
324 | | /// INVARIANT: Terminal statuses (Completed/Failed) are rejected for new sessions
    | |_--------------------------------------------------------------------------------^
    |   |
    |   rustdoc does not generate documentation for macro invocations
    |
    = help: to document an item produced by a macro, the macro must produce the documentation as part of its expansion

warning: unused doc comment
   --> crates/zjj-core/tests/cli_properties.rs:368:1
    |
368 | / /// Property: Summary serializes to valid JSON
369 | | ///
370 | | /// INVARIANT: All summary output must be valid JSON
    | |_---------------------------------------------------^
    |   |
    |   rustdoc does not generate documentation for macro invocations
    |
    = help: to document an item produced by a macro, the macro must produce the documentation as part of its expansion

warning: unused doc comment
   --> crates/zjj-core/tests/cli_properties.rs:398:1
    |
398 | / /// Property: Issue serializes to valid JSON
399 | | ///
400 | | /// INVARIANT: All issue output must be valid JSON
    | |_-------------------------------------------------^
    |   |
    |   rustdoc does not generate documentation for macro invocations
    |
    = help: to document an item produced by a macro, the macro must produce the documentation as part of its expansion

warning: unused doc comment
   --> crates/zjj-core/tests/cli_properties.rs:432:1
    |
432 | / /// Property: OutputLine variants all serialize to valid JSON
433 | | ///
434 | | /// INVARIANT: All OutputLine variants must produce valid JSON
    | |_-------------------------------------------------------------^
    |   |
    |   rustdoc does not generate documentation for macro invocations
    |
    = help: to document an item produced by a macro, the macro must produce the documentation as part of its expansion

warning: unused doc comment
   --> crates/zjj-core/tests/cli_properties.rs:457:1
    |
457 | / /// Property: JSON field names use snake_case
458 | | ///
459 | | /// INVARIANT: All JSON field names follow snake_case convention
    | |_---------------------------------------------------------------^
    |   |
    |   rustdoc does not generate documentation for macro invocations
    |
    = help: to document an item produced by a macro, the macro must produce the documentation as part of its expansion

warning: unused doc comment
   --> crates/zjj-core/tests/cli_properties.rs:492:1
    |
492 | / /// Property: Session names are validated consistently
493 | | ///
494 | | /// INVARIANT: Session name validation is consistent across all commands
    | |_-----------------------------------------------------------------------^
    |   |
    |   rustdoc does not generate documentation for macro invocations
    |
    = help: to document an item produced by a macro, the macro must produce the documentation as part of its expansion

warning: unused doc comment
   --> crates/zjj-core/tests/cli_properties.rs:524:1
    |
524 | / /// Property: Workspace paths must be absolute
525 | | ///
526 | | /// INVARIANT: Workspace paths are validated consistently
    | |_--------------------------------------------------------^
    |   |
    |   rustdoc does not generate documentation for macro invocations
    |
    = help: to document an item produced by a macro, the macro must produce the documentation as part of its expansion

warning: unused doc comment
   --> crates/zjj-core/tests/cli_properties.rs:560:1
    |
560 | / /// Property: Required vs optional arguments are consistent
561 | | ///
562 | | /// INVARIANT: Argument requirements follow consistent patterns
    | |_--------------------------------------------------------------^
    |   |
    |   rustdoc does not generate documentation for macro invocations
    |
    = help: to document an item produced by a macro, the macro must produce the documentation as part of its expansion

warning: unused doc comment
   --> crates/zjj-core/tests/cli_properties.rs:591:1
    |
591 | / /// Property: Exit code 0 means success
592 | | ///
593 | | /// INVARIANT: Exit code 0 is only returned on successful completion
    | |_-------------------------------------------------------------------^
    |   |
    |   rustdoc does not generate documentation for macro invocations
    |
    = help: to document an item produced by a macro, the macro must produce the documentation as part of its expansion

warning: unused doc comment
   --> crates/zjj-core/tests/cli_properties.rs:604:1
    |
604 | / /// Property: Non-zero exit codes indicate errors
605 | | ///
606 | | /// INVARIANT: Non-zero exit codes indicate different error categories
    | |_---------------------------------------------------------------------^
    |   |
    |   rustdoc does not generate documentation for macro invocations
    |
    = help: to document an item produced by a macro, the macro must produce the documentation as part of its expansion

warning: unused doc comment
   --> crates/zjj-core/tests/cli_properties.rs:638:1
    |
638 | / /// Property: Exit codes are in valid range
639 | | ///
640 | | /// INVARIANT: Exit codes are 0-4 (small integer range)
    | |_------------------------------------------------------^
    |   |
    |   rustdoc does not generate documentation for macro invocations
    |
    = help: to document an item produced by a macro, the macro must produce the documentation as part of its expansion

warning: unused doc comment
   --> crates/zjj-core/tests/cli_properties.rs:652:1
    |
652 | / /// Property: Error severity maps to exit codes consistently
653 | | ///
654 | | /// INVARIANT: Higher severity issues should result in higher exit codes
    | |_-----------------------------------------------------------------------^
    |   |
    |   rustdoc does not generate documentation for macro invocations
    |
    = help: to document an item produced by a macro, the macro must produce the documentation as part of its expansion

warning: unused doc comment
   --> crates/zjj-core/tests/cli_properties.rs:719:1
    |
719 | / /// Property: Timestamp fields are always present and valid
720 | | ///
721 | | /// INVARIANT: All timestamped output includes valid ISO 8601 timestamps
    | |_-----------------------------------------------------------------------^
    |   |
    |   rustdoc does not generate documentation for macro invocations
    |
    = help: to document an item produced by a macro, the macro must produce the documentation as part of its expansion

warning: unused doc comment
   --> crates/zjj-core/tests/cli_properties.rs:758:1
    |
758 | / /// Property: Summary types serialize correctly
759 | | ///
760 | | /// INVARIANT: SummaryType enum values serialize to lowercase
    | |_------------------------------------------------------------^
    |   |
    |   rustdoc does not generate documentation for macro invocations
    |
    = help: to document an item produced by a macro, the macro must produce the documentation as part of its expansion

warning: unused import: `IssueScope`
  --> crates/zjj-core/tests/cli_properties.rs:48:42
   |
48 |         Issue, IssueKind, IssueSeverity, IssueScope, OutputLine, SessionOutput, Summary,
   |                                          ^^^^^^^^^^
   |
   = note: `#[warn(unused_imports)]` (part of `#[warn(unused)]`) on by default

error[E0308]: mismatched types
   --> crates/zjj-core/tests/cli_properties.rs:959:56
    |
959 |         let result = Summary::new(SummaryType::Status, "".to_string());
    |                      ------------                      ^^^^^^^^^^^^^^ expected `Message`, found `String`
    |                      |
    |                      arguments to this function are incorrect
    |
note: associated function defined here
   --> /home/lewis/src/zjj/crates/zjj-core/src/output/types.rs:125:12
    |
125 |     pub fn new(type_field: SummaryType, message: Message) -> Result<Self, OutputLineError> {
    |            ^^^

For more information about this error, try `rustc --explain E0308`.
error: could not compile `zjj-core` (test "cli_properties") due to 1 previous error; 17 warnings emitted
error[E0308]: mismatched types
   --> crates/zjj-core/tests/jsonl_schema_validation_test.rs:27:53
    |
 27 |     let summary = Summary::new(SummaryType::Status, "Test summary".to_string())
    |                   ------------                      ^^^^^^^^^^^^^^^^^^^^^^^^^^ expected `Message`, found `String`
    |                   |
    |                   arguments to this function are incorrect
    |
note: associated function defined here
   --> /home/lewis/src/zjj/crates/zjj-core/src/output/types.rs:125:12
    |
125 |     pub fn new(type_field: SummaryType, message: Message) -> Result<Self, OutputLineError> {
    |            ^^^

error[E0308]: arguments to this function are incorrect
   --> crates/zjj-core/tests/jsonl_schema_validation_test.rs:72:17
    |
 72 |     let issue = Issue::new(
    |                 ^^^^^^^^^^
 73 |         "TEST-001".to_string(),
    |         ---------------------- expected `IssueId`, found `String`
 74 |         "Test issue".to_string(),
    |         ------------------------ expected `IssueTitle`, found `String`
    |
note: associated function defined here
   --> /home/lewis/src/zjj/crates/zjj-core/src/output/types.rs:249:12
    |
249 |     pub fn new(
    |            ^^^

error[E0308]: mismatched types
   --> crates/zjj-core/tests/jsonl_schema_validation_test.rs:79:19
    |
 79 |     .with_session("test-session".to_string())
    |      ------------ ^^^^^^^^^^^^^^^^^^^^^^^^^^ expected `SessionName`, found `String`
    |      |
    |      arguments to this method are incorrect
    |
note: method defined here
   --> /home/lewis/src/zjj/crates/zjj-core/src/output/types.rs:266:12
    |
266 |     pub fn with_session(self, session: crate::types::SessionName) -> Self {
    |            ^^^^^^^^^^^^

error[E0308]: arguments to this function are incorrect
   --> crates/zjj-core/tests/jsonl_schema_validation_test.rs:92:20
    |
 92 |     let mut plan = Plan::new("Test plan".to_string(), "Test description".to_string()).unwrap();
    |                    ^^^^^^^^^ -----------------------  ------------------------------ expected `PlanDescription`, found `String`
    |                              |
    |                              expected `PlanTitle`, found `String`
    |
note: associated function defined here
   --> /home/lewis/src/zjj/crates/zjj-core/src/output/types.rs:315:12
    |
315 |     pub fn new(title: PlanTitle, description: PlanDescription) -> Result<Self, OutputLineError> {
    |            ^^^

error[E0308]: arguments to this function are incorrect
   --> crates/zjj-core/tests/jsonl_schema_validation_test.rs:113:21
    |
113 |     let mut stack = Stack::new("test-stack".to_string(), "main".to_string()).unwrap();
    |                     ^^^^^^^^^^ ------------------------  ------------------ expected `BaseRef`, found `String`
    |                                |
    |                                expected `SessionName`, found `String`
    |
note: associated function defined here
   --> /home/lewis/src/zjj/crates/zjj-core/src/output/types.rs:659:12
    |
659 |     pub fn new(
    |            ^^^

error[E0308]: arguments to this method are incorrect
   --> crates/zjj-core/tests/jsonl_schema_validation_test.rs:115:10
    |
115 |         .with_entry(
    |          ^^^^^^^^^^
116 |             "session-1".to_string(),
    |             ----------------------- expected `SessionName`, found `String`
    |
note: expected `BeadAttachment`, found `Option<String>`
   --> crates/zjj-core/tests/jsonl_schema_validation_test.rs:119:13
    |
119 |             Some("bead-001".to_string()),
    |             ^^^^^^^^^^^^^^^^^^^^^^^^^^^^
    = note: expected enum `BeadAttachment`
               found enum `Option<std::string::String>`
note: method defined here
   --> /home/lewis/src/zjj/crates/zjj-core/src/output/types.rs:677:12
    |
677 |     pub fn with_entry(
    |            ^^^^^^^^^^

error[E0308]: arguments to this function are incorrect
   --> crates/zjj-core/tests/jsonl_schema_validation_test.rs:163:17
    |
163 |     let entry = QueueEntry::new("queue-001".to_string(), "test-session".to_string(), 5)
    |                 ^^^^^^^^^^^^^^^ -----------------------  -------------------------- expected `SessionName`, found `String`
    |                                 |
    |                                 expected `QueueEntryId`, found `String`
    |
note: associated function defined here
   --> /home/lewis/src/zjj/crates/zjj-core/src/output/types.rs:810:12
    |
810 |     pub fn new(
    |            ^^^

error[E0308]: mismatched types
   --> crates/zjj-core/tests/jsonl_schema_validation_test.rs:165:20
    |
165 |         .with_bead("bead-001".to_string())
    |          --------- ^^^^^^^^^^^^^^^^^^^^^^ expected `BeadId`, found `String`
    |          |
    |          arguments to this method are incorrect
    |
note: method defined here
   --> /home/lewis/src/zjj/crates/zjj-core/src/output/types.rs:829:12
    |
829 |     pub fn with_bead(self, bead: BeadId) -> Self {
    |            ^^^^^^^^^

error[E0308]: arguments to this function are incorrect
   --> crates/zjj-core/tests/jsonl_schema_validation_test.rs:189:21
    |
189 |     let mut train = Train::new("train-001".to_string(), "test-train".to_string()).unwrap();
    |                     ^^^^^^^^^^ -----------------------  ------------------------ expected `SessionName`, found `String`
    |                                |
    |                                expected `TrainId`, found `String`
    |
note: associated function defined here
   --> /home/lewis/src/zjj/crates/zjj-core/src/output/types.rs:911:12
    |
911 |     pub fn new(id: TrainId, name: crate::types::SessionName) -> Result<Self, OutputLineError> {
    |            ^^^

error[E0308]: mismatched types
   --> crates/zjj-core/tests/jsonl_schema_validation_test.rs:192:13
    |
191 |         .with_step(
    |          --------- arguments to this method are incorrect
192 |             "session-1".to_string(),
    |             ^^^^^^^^^^^^^^^^^^^^^^^ expected `SessionName`, found `String`
    |
note: method defined here
   --> /home/lewis/src/zjj/crates/zjj-core/src/output/types.rs:929:12
    |
929 |     pub fn with_step(
    |            ^^^^^^^^^

error[E0308]: mismatched types
   --> crates/zjj-core/tests/jsonl_schema_validation_test.rs:285:61
    |
285 |         OutputLine::Summary(Summary::new(SummaryType::Info, "Test".to_string()).unwrap()),
    |                             ------------                    ^^^^^^^^^^^^^^^^^^ expected `Message`, found `String`
    |                             |
    |                             arguments to this function are incorrect
    |
note: associated function defined here
   --> /home/lewis/src/zjj/crates/zjj-core/src/output/types.rs:125:12
    |
125 |     pub fn new(type_field: SummaryType, message: Message) -> Result<Self, OutputLineError> {
    |            ^^^

error[E0308]: arguments to this function are incorrect
   --> crates/zjj-core/tests/jsonl_schema_validation_test.rs:296:13
    |
296 |             Issue::new(
    |             ^^^^^^^^^^
297 |                 "TEST".to_string(),
    |                 ------------------ expected `IssueId`, found `String`
298 |                 "Test".to_string(),
    |                 ------------------ expected `IssueTitle`, found `String`
    |
note: associated function defined here
   --> /home/lewis/src/zjj/crates/zjj-core/src/output/types.rs:249:12
    |
249 |     pub fn new(
    |            ^^^

error[E0308]: arguments to this function are incorrect
   --> crates/zjj-core/tests/jsonl_schema_validation_test.rs:304:26
    |
304 |         OutputLine::Plan(Plan::new("Test".to_string(), "Desc".to_string()).unwrap()),
    |                          ^^^^^^^^^ ------------------  ------------------ expected `PlanDescription`, found `String`
    |                                    |
    |                                    expected `PlanTitle`, found `String`
    |
note: associated function defined here
   --> /home/lewis/src/zjj/crates/zjj-core/src/output/types.rs:315:12
    |
315 |     pub fn new(title: PlanTitle, description: PlanDescription) -> Result<Self, OutputLineError> {
    |            ^^^

error[E0308]: arguments to this function are incorrect
   --> crates/zjj-core/tests/jsonl_schema_validation_test.rs:305:28
    |
305 |         OutputLine::Action(Action::new(
    |                            ^^^^^^^^^^^
306 |             "test".to_string(),
    |             ------------------ expected `ActionVerb`, found `String`
307 |             "target".to_string(),
    |             -------------------- expected `ActionTarget`, found `String`
    |
note: associated function defined here
   --> /home/lewis/src/zjj/crates/zjj-core/src/output/types.rs:374:12
    |
374 |     pub fn new(verb: ActionVerb, target: ActionTarget, status: ActionStatus) -> Self {
    |            ^^^

error[E0308]: arguments to this function are incorrect
   --> crates/zjj-core/tests/jsonl_schema_validation_test.rs:310:29
    |
310 |         OutputLine::Warning(Warning::new("TEST".to_string(), "Test warning".to_string()).unwrap()),
    |                             ^^^^^^^^^^^^ ------------------  -------------------------- expected `Message`, found `String`
    |                                          |
    |                                          expected `WarningCode`, found `String`
    |
note: associated function defined here
   --> /home/lewis/src/zjj/crates/zjj-core/src/output/types.rs:417:12
    |
417 |     pub fn new(code: WarningCode, message: Message) -> Result<Self, OutputLineError> {
    |            ^^^

error[E0308]: mismatched types
   --> crates/zjj-core/tests/jsonl_schema_validation_test.rs:312:56
    |
312 |             ResultOutput::success(ResultKind::Command, "Test result".to_string()).unwrap(),
    |             ---------------------                      ^^^^^^^^^^^^^^^^^^^^^^^^^ expected `Message`, found `String`
    |             |
    |             arguments to this function are incorrect
    |
note: associated function defined here
   --> /home/lewis/src/zjj/crates/zjj-core/src/output/types.rs:465:12
    |
465 |     pub fn success(kind: ResultKind, message: Message) -> Result<Self, OutputLineError> {
    |            ^^^^^^^

error[E0308]: arguments to this function are incorrect
   --> crates/zjj-core/tests/jsonl_schema_validation_test.rs:314:27
    |
314 |         OutputLine::Stack(Stack::new("test".to_string(), "main".to_string()).unwrap()),
    |                           ^^^^^^^^^^ ------------------  ------------------ expected `BaseRef`, found `String`
    |                                      |
    |                                      expected `SessionName`, found `String`
    |
note: associated function defined here
   --> /home/lewis/src/zjj/crates/zjj-core/src/output/types.rs:659:12
    |
659 |     pub fn new(
    |            ^^^

error[E0308]: arguments to this function are incorrect
   --> crates/zjj-core/tests/jsonl_schema_validation_test.rs:316:32
    |
316 |         OutputLine::QueueEntry(QueueEntry::new("q1".to_string(), "s1".to_string(), 1).unwrap()),
    |                                ^^^^^^^^^^^^^^^ ----------------  ---------------- expected `SessionName`, found `String`
    |                                                |
    |                                                expected `QueueEntryId`, found `String`
    |
note: associated function defined here
   --> /home/lewis/src/zjj/crates/zjj-core/src/output/types.rs:810:12
    |
810 |     pub fn new(
    |            ^^^

error[E0308]: arguments to this function are incorrect
   --> crates/zjj-core/tests/jsonl_schema_validation_test.rs:317:27
    |
317 |         OutputLine::Train(Train::new("t1".to_string(), "test".to_string()).unwrap()),
    |                           ^^^^^^^^^^ ----------------  ------------------ expected `SessionName`, found `String`
    |                                      |
    |                                      expected `TrainId`, found `String`
    |
note: associated function defined here
   --> /home/lewis/src/zjj/crates/zjj-core/src/output/types.rs:911:12
    |
911 |     pub fn new(id: TrainId, name: crate::types::SessionName) -> Result<Self, OutputLineError> {
    |            ^^^

error[E0308]: arguments to this function are incorrect
   --> crates/zjj-core/tests/jsonl_schema_validation_test.rs:364:17
    |
364 |     let issue = Issue::new(
    |                 ^^^^^^^^^^
365 |         "TEST".to_string(),
    |         ------------------ expected `IssueId`, found `String`
366 |         "Test".to_string(),
    |         ------------------ expected `IssueTitle`, found `String`
    |
note: associated function defined here
   --> /home/lewis/src/zjj/crates/zjj-core/src/output/types.rs:249:12
    |
249 |     pub fn new(
    |            ^^^

error[E0308]: arguments to this function are incorrect
   --> crates/zjj-core/tests/jsonl_schema_validation_test.rs:384:16
    |
384 |     let plan = Plan::new("Test".to_string(), "Desc".to_string()).unwrap();
    |                ^^^^^^^^^ ------------------  ------------------ expected `PlanDescription`, found `String`
    |                          |
    |                          expected `PlanTitle`, found `String`
    |
note: associated function defined here
   --> /home/lewis/src/zjj/crates/zjj-core/src/output/types.rs:315:12
    |
315 |     pub fn new(title: PlanTitle, description: PlanDescription) -> Result<Self, OutputLineError> {
    |            ^^^

error[E0308]: arguments to this function are incorrect
   --> crates/zjj-core/tests/jsonl_schema_validation_test.rs:406:17
    |
406 |     let train = Train::new("t1".to_string(), "test".to_string())
    |                 ^^^^^^^^^^ ----------------  ------------------ expected `SessionName`, found `String`
    |                            |
    |                            expected `TrainId`, found `String`
    |
note: associated function defined here
   --> /home/lewis/src/zjj/crates/zjj-core/src/output/types.rs:911:12
    |
911 |     pub fn new(id: TrainId, name: crate::types::SessionName) -> Result<Self, OutputLineError> {
    |            ^^^

error[E0308]: mismatched types
   --> crates/zjj-core/tests/jsonl_schema_validation_test.rs:409:13
    |
408 |         .with_step(
    |          --------- arguments to this method are incorrect
409 |             "s1".to_string(),
    |             ^^^^^^^^^^^^^^^^ expected `SessionName`, found `String`
    |
note: method defined here
   --> /home/lewis/src/zjj/crates/zjj-core/src/output/types.rs:929:12
    |
929 |     pub fn with_step(
    |            ^^^^^^^^^

error[E0308]: mismatched types
   --> crates/zjj-core/tests/jsonl_schema_validation_test.rs:454:53
    |
454 |     let summary = Summary::new(SummaryType::Status, "Test".to_string()).unwrap();
    |                   ------------                      ^^^^^^^^^^^^^^^^^^ expected `Message`, found `String`
    |                   |
    |                   arguments to this function are incorrect
    |
note: associated function defined here
   --> /home/lewis/src/zjj/crates/zjj-core/src/output/types.rs:125:12
    |
125 |     pub fn new(type_field: SummaryType, message: Message) -> Result<Self, OutputLineError> {
    |            ^^^

error[E0308]: arguments to this function are incorrect
   --> crates/zjj-core/tests/jsonl_schema_validation_test.rs:469:17
    |
469 |     let issue = Issue::new(
    |                 ^^^^^^^^^^
470 |         "TEST".to_string(),
    |         ------------------ expected `IssueId`, found `String`
471 |         "Test".to_string(),
    |         ------------------ expected `IssueTitle`, found `String`
    |
note: associated function defined here
   --> /home/lewis/src/zjj/crates/zjj-core/src/output/types.rs:249:12
    |
249 |     pub fn new(
    |            ^^^

error[E0560]: struct `zjj_core::output::Assessment` has no field named `recoverable`
   --> crates/zjj-core/tests/jsonl_schema_validation_test.rs:495:13
    |
495 |             recoverable: true,
    |             ^^^^^^^^^^^ `zjj_core::output::Assessment` does not have this field
    |
    = note: available fields are: `capability`

error[E0560]: struct `zjj_core::output::Assessment` has no field named `recommended_action`
   --> crates/zjj-core/tests/jsonl_schema_validation_test.rs:496:13
    |
496 |             recommended_action: "Fix the issue".to_string(),
    |             ^^^^^^^^^^^^^^^^^^ `zjj_core::output::Assessment` does not have this field
    |
    = note: available fields are: `capability`

error[E0308]: mismatched types
   --> crates/zjj-core/tests/jsonl_schema_validation_test.rs:492:9
    |
491 |     let recovery = Recovery::new(
    |                    ------------- arguments to this function are incorrect
492 |         "ISSUE-001".to_string(),
    |         ^^^^^^^^^^^^^^^^^^^^^^^ expected `IssueId`, found `String`
    |
note: associated function defined here
   --> /home/lewis/src/zjj/crates/zjj-core/src/output/types.rs:530:18
    |
530 |     pub const fn new(issue_id: IssueId, assessment: Assessment) -> Self {
    |                  ^^^

Some errors have detailed explanations: E0308, E0560.
For more information about an error, try `rustc --explain E0308`.
error: could not compile `zjj-core` (test "jsonl_schema_validation_test") due to 28 previous errors
